Айтос
Аксаково
Алфатар
Антоново
Априлци
Ардино
Асеновград
Бургас
Балчик
Банкя
Банско
Баня
Батак
Батановци
Белене
Белица
Белово
Белоградчик
Белослав
Берковица
Благоевград
Бобов дол
Бобошево
Божурище
Бойчиновци
Болярово
Борово
Ботевград
Брацигово
Брегово
Брезник
Брезово
Брусарци
Бургас
Бухово
Бяла
Бяла
Бяла Слатина
Бяла Черква
Варна
Велики Преслав
Велико Търново
Велинград
Ветово
Ветрен
Видин
Враца
Вълчедръм
Вълчи дол
Върбица
Вършец
Габрово
Генерал Тошево
Главиница
Глоджево
Годеч
Горна Оряховица
Гоце Делчев
Грамада
Гулянци
Гурково
Гълъбово
Две могили
Дебелец
Девин
Девня
Джебел
Димитровград
Димово
Добринище
Добрич
Долна баня
Долна Митрополия
Долна Оряховица
Долни Дъбник
Долни чифлик
Доспат
Драгоман
Дряново
Дулово
Дунавци
Дупница
Дългопол
Елена
Елин Пелин
Елхово
Етрополе
Завет
Земен
Златарица
Златица
Златоград
Ивайловград
Игнатиево
Искър
Исперих
Ихтиман
Каблешково
Каварна
Казанлък
Калофер
Камено
Каолиново
Карлово
Карнобат
Каспичан
Кермен
Килифарево
Клисура
Кнежа
Козлодуй
Койнаре
Копривщица
Костандово
Костенец
Костинброд
Котел
Кочериново
Кресна
Криводол
Кричим
Крумовград
Крън
Кубрат
Куклен
Кула
Кърджали
Кюстендил
Левски
Летница
Ловеч
Лозница
Лом
Луковит
Лъки
Любимец
Лясковец
Мадан
Маджарово
Малко Търново
Мартен
Мездра
Мелник
Меричлери
Мизия
Момин проход
Момчилград
Монтана
Мъглиж
Неделино
Несебър
Николаево
Никопол
Нова Загора
Нови Искър
Нови пазар
Обзор
Омуртаг
Опака
Оряхово
Павел баня
Павликени
Пазарджик
Панагюрище
Перник
Перущица
Петрич
Пещера
Пирдоп
Плачковци
Плевен
Плиска
Пловдив
Полски Тръмбеш
Поморие
Попово
Пордим
Правец
Приморско
Провадия
Първомай
Раднево
Радомир
Разград
Разлог
Ракитово
Раковски
Рила
Роман
Рудозем
Русе
Садово
Самоков
Сандански
Сапарева баня
Свети Влас
Свиленград
Свищов
Своге
Севлиево
Сеново
Септември
Силистра
Симеоновград
Симитли
Славяново
Сливен
Сливница
Сливо поле
Смолян
Смядово
Созопол
Сопот
Средец
Стамболийски
Стара Загора
Стражица
Стралджа
Стрелча
Суворово
Сунгурларе
Сухиндол
Съединение
Пазарджик
Твърдица
Тервел
Тетевен
Тополовград
Троян
Трън
Плевен
Трявна
Тутракан
Търговище
Угърчин
Хаджидимово
Харманли
Хасково
Хисаря
Цар Калоян
Царево
Чепеларе
Червен бряг
Черноморец
Чипровци
Чирпан
Шабла
Шивачево
Шипка
Шумен
Ябланица
Якоруда
Ямбол
Айтос
Антверпен
Амстердам
Асеновград
Абу Даби
Анкара
Акра
Атина
Асунсион
Анталия
Атланта
Акапулко
Александропулис
Алфатар
Александрия
Априлци
Антоново
Берн
Брюксел
Берлин
Будапеща
Букурещ
Брашов
Благоевград
Ботевград
Бургас
Банско
Белоградчик
Берковица
Балчик
Банкя
Батак
Белене
Багдад
Банкок
Бейрут
Бриджтаун
Богота
Бразилия
Буенос Айрес
Белград
Берлин
Брюксел
Братислава
Бърно
Бомбай
Бон
Бремен
Билефелд
Барселона
Бирмингам
Бристол
Болоня
Бърно
Бидгошч
Билбао
Бордо
Бурса
Болтън
Блекбърн
Балтимор
Бостън
Бъфало
Базел
Брегово
Брусарци
Бойчиновци
Бяла Слатина
Бяла Черква
Борово
Будещи
Бела Паланка
Брезник
Бухово
Божурище
Баден Баден
Белфаст
Валета Варна
Велинград
Виена
Варшава
Вашингтон
Венеция
Владивосток
Велико Търново
Враца
Ветово
Виндхук
Вадуц
Вилнюс
Волфсбург
Валенсия
Вроцлав
Версай
Верона
Веракрус
Ванкувър
Видин
Вълчедръм
Вълчи Дол
Вършец
Велики Преслав
Габрово
Гьотеборг
Горна Оряховица
Гоце Делчев
Гълъбово
Глазгоу
Гданск
Гуадалахара
Гюргево
Газа
Грамада
Гулянци
Главиница
Глоджево
Генерал Тошево
Годеч
Две Могили
Дряново
Димитровград
Добрич
Дупница
Девин
Доспат
Долни Чифлик
Дунавци
Димово
Драгоман
Далиен
Душанбе
Дамаск
Делхи
Джакарта
Доха
Дъблин
Джорджтаун
Дортмунд
Дюселдорф
Дрезден
Дижон
Диарбекир
Далас
Детройт
Денвър
Драма
Долни Дъбник
Долна Митрополия
Дулово
Долна Оряховица
Дебелец
Еспаньол
Елена
Етрополе
Елин Пелин
Елхово
Ереван
Единбург
Ел Гиза
Жилина
Женева
Залцбург
Зимница
Зайчар
Завет
Златарица
Злин
Истанбул
Исперих
Искър
Ихтиман
Йоханесбург
Кьолн 
Каварна
Казанлък
Карлово
Кърджали
Кюстендил
Котел
Калофер
Китен
Козлодуй
Кнежа
Костинброд
Криводол
Кабул
Катманду
Куала Лумпур
Кампала
Кейптаун
Киев
Копенхаген
Кишинев
Каракас
Кито
Кайро
Карачи
Краков
Кардиф
Катовице
Кеймбридж
Кливланд
Кордоба
Киото
Кобе
Канбера
Кула
Койнаре
Калафат
Корабия
Крайова
Княжевац
Кубрат
Каолиново
Кълъраш
Констанца
Килифарево
Кавала
Лондон 
Лион
Лима
Лвов
Люксембург
Лозана
Ловеч
Левски
Летница
Луковит
Лясковец
Лозница
Лименас
Мюнхен
Монтана
Москва
Монреал
Момбай
Мелник
Мездра
Мадан
Маскат
Мадрид
Минск
Монтевидео
Милано
Марсилия
Малага
Манчестър
Мидълсбро
Мемфис
Милуоки
Маями
Минеаполис
Медисън
Макао
Мелбърн
Мизия
Мартен
Мангалия
Малко Търново
Ню Йорк
Нагазаки
Неготин
Никопол
Негру Вода
Нови Искър
Нова Загора
Никозия
Осло
Оксфорд
Отава
Осака
Оряхово
Опака
Олтеница
Прага
Пекин
Пловдив
Плевен
Пордим
Полски Тръмбеш
Павликени
Пирот
Правец
Плачковци
Попово
Русе
Рейкиявик
Разград
Роман
Радомир
Стокхолм
Страдфорд он Ейвън
Сливен
Славяново
Свищов
Сухиндол
Сливо Поле
Сеново
Силистра
Своге
Сливница
София
Севлиево
Стражица
Сиан
Стралджа
Славянск
Севастопол
Созопол
Стралджа
Токио
Тринидад
Топика
Тръстеник
Тутракан
Тервел
Трън
Тетевен
Троян
Трявна
Търговище
Угърчин
Флоренция
Франкфурт
Филаделфия
Филипи
Хага 
Хасково
Харманли
Хисаря
Ханой
Хараре
Хартун
Хелзинки
Хавана
Хамбург
Хановер
Хюстън
Хирошима
Хонолулу
Хон Конг
Цар Калоян
Цариброд
Царево
Червен Бряг
Чипровци
Шанхай
Шумен
Шабла
Шипка
Шейново
Щутгарт
Щип
Ямбол
Ябланица

